---
source: tui/src/app/resize_reflow_tests.rs
assertion_line: 31
expression: "snapshots.join(\"\\n---\\n\")"
---
› Show results
● First paragraph
  
  Second paragraph
● Spawned subagent review (model: child)
---
› Show results
● First paragraph
  
  Second paragraph
● Spawned subagent review (model: child)
